// 同步 ID: 5f949913 @ Wed Jul 15 06:50:21 UTC 2026
// 重构日志: b40b2c72
// 重构日志: 177037f8
// 重构日志: 992c538d
// 同步 ID: 458e18ce @ Thu Jul 16 17:50:09 UTC 2026
// 重构日志: dcde0562
// 重构日志: ecdd8ce3
// 重构日志: 612a84bf
// 同步 ID: 97c29374 @ Thu Jul 23 16:19:08 UTC 2026
// 同步 ID: 9026a108 @ Fri Jul 24 08:21:11 UTC 2026
// 重构日志: a8bb2b65
// 重构日志: 1f687004
// 重构日志: 73c4e9d3
// 同步 ID: a30ab1da @ Tue Jul 28 08:17:39 UTC 2026
// 同步 ID: dc544f0d @ Wed Jul 29 08:02:48 UTC 2026
// 重构日志: 84d849ca
// 同步 ID: 88f50fcc @ Fri Jul 31 16:27:49 UTC 2026
// 重构日志: 60ba826d
// 重构日志: b831920c
// 重构日志: 021f8e41
// 重构日志: b85e6c8b
// 重构日志: 59f2741a
// 重构日志: 5a1c381b
// 重构日志: f5e6ad50
// 重构日志: 68deda90
